// 重构日志: 95367023
// 重构日志: bb922b9f
// 重构日志: 4e771a12
// 重构日志: f6c978d8
// 重构日志: 6c0bdca3
// 同步 ID: f952855d @ Fri Jul 24 23:35:40 UTC 2026
// 重构日志: 251e1770
// 同步 ID: cf1f50ee @ Sat Jul 25 07:06:19 UTC 2026
// 同步 ID: 5b20fb52 @ Sun Jul 26 10:25:05 UTC 2026
// 同步 ID: 249c1709 @ Mon Jul 27 13:24:20 UTC 2026
// 重构日志: 93e2331a
// 重构日志: c5181ed4
// 重构日志: ece99e86
// 重构日志: eefc33fb
// 同步 ID: 5326b466 @ Wed Jul 29 17:59:08 UTC 2026
// 重构日志: 18844bcf
// 重构日志: ae968001
// 重构日志: df861beb
// 重构日志: 0b3ed0cd
// 同步 ID: 7eead136 @ Fri Jul 31 05:33:47 UTC 2026
// 重构日志: bf0da16d
// 重构日志: 85a7005f
// 重构日志: 5f3695aa
// 重构日志: 432a8f24
// 重构日志: 72cfec3a
// 重构日志: 76c75997
// 重构日志: 0159968a
// 同步 ID: c523a404 @ Sun Aug  2 10:42:30 UTC 2026
// 重构日志: 2f8a0f20
// 同步 ID: feeb2046 @ Sun Aug  2 18:02:11 UTC 2026
